// Jest Snapshot v1, https://goo.gl/fbAQLP

exports[`Nuxt logo renders to a snapshot 1`] = `
<div
  class="vue-to-nuxt-logo"
>
  <div
    class="triangle triangle-1"
  />
  <div
    class="triangle triangle-2"
  />
  <div
    class="triangle triangle-3"
  />
  <div
    class="triangle triangle-4"
  />
</div>
`;
